// Jest Snapshot v1, https://goo.gl/fbAQLP

exports[`plain text hack - render 1`] = `
<ErrorState
  errorDescription={
    <span>
      This is a test
       
      <br />
       
      <a
        href="http://test.test.com"
      >
        testing
      </a>
    </span>
  }
  errorTitle="Testing"
/>
`;
